Collecting tensorflow<2.19,>=2.16 (from -r requirements-training.txt (line 2))
  Using cached tensorflow-2.18.1-cp312-cp312-win_amd64.whl.metadata (4.1 kB)
Collecting scikit-learn>=1.5 (from -r requirements-training.txt (line 3))
  Using cached scikit_learn-1.9.0-cp312-cp312-win_amd64.whl.metadata (11 kB)
Collecting pillow>=10 (from -r requirements-training.txt (line 4))
  Using cached pillow-12.3.0-cp312-cp312-win_amd64.whl.metadata (9.3 kB)
Collecting numpy>=1.26 (from -r requirements-training.txt (line 5))
  Using cached numpy-2.5.3-cp312-cp312-win_amd64.whl.metadata (6.6 kB)
Collecting absl-py>=1.0.0 (from tensorflow<2.19,>=2.16->-r requirements-training.txt (line 2))
  Using cached absl_py-2.5.0-py3-none-any.whl.metadata (3.3 kB)
Collecting astunparse>=1.6.0 (from tensorflow<2.19,>=2.16->-r requirements-training.txt (line 2))
  Using cached astunparse-1.6.3-py2.py3-none-any.whl.metadata (4.4 kB)
Collecting flatbuffers>=24.3.25 (from tensorflow<2.19,>=2.16->-r requirements-training.txt (line 2))
  Using cached flatbuffers-25.12.19-py2.py3-none-any.whl.metadata (1.0 kB)
Collecting gast!=0.5.0,!=0.5.1,!=0.5.2,>=0.2.1 (from tensorflow<2.19,>=2.16->-r requirements-training.txt (line 2))
  Using cached gast-0.7.0-py3-none-any.whl.metadata (1.5 kB)
Collecting google-pasta>=0.1.1 (from tensorflow<2.19,>=2.16->-r requirements-training.txt (line 2))
  Using cached google_pasta-0.2.0-py3-none-any.whl.metadata (814 bytes)
Collecting libclang>=13.0.0 (from tensorflow<2.19,>=2.16->-r requirements-training.txt (line 2))
  Using cached libclang-18.1.1-py2.py3-none-win_amd64.whl.metadata (5.3 kB)
Collecting opt-einsum>=2.3.2 (from tensorflow<2.19,>=2.16->-r requirements-training.txt (line 2))
  Using cached opt_einsum-3.4.0-py3-none-any.whl.metadata (6.3 kB)
Collecting packaging (from tensorflow<2.19,>=2.16->-r requirements-training.txt (line 2))
  Using cached packaging-26.3-py3-none-any.whl.metadata (3.5 kB)
Collecting protobuf!=4.21.0,!=4.21.1,!=4.21.2,!=4.21.3,!=4.21.4,!=4.21.5,<6.0.0dev,>=3.20.3 (from tensorflow<2.19,>=2.16->-r requirements-training.txt (line 2))
  Using cached protobuf-5.29.6-cp310-abi3-win_amd64.whl.metadata (592 bytes)
Collecting requests<3,>=2.21.0 (from tensorflow<2.19,>=2.16->-r requirements-training.txt (line 2))
  Using cached requests-2.34.2-py3-none-any.whl.metadata (4.8 kB)
Collecting setuptools (from tensorflow<2.19,>=2.16->-r requirements-training.txt (line 2))
  Using cached setuptools-84.0.0-py3-none-any.whl.metadata (6.6 kB)
Collecting six>=1.12.0 (from tensorflow<2.19,>=2.16->-r requirements-training.txt (line 2))
  Using cached six-1.17.0-py2.py3-none-any.whl.metadata (1.7 kB)
Collecting termcolor>=1.1.0 (from tensorflow<2.19,>=2.16->-r requirements-training.txt (line 2))
  Using cached termcolor-3.3.0-py3-none-any.whl.metadata (6.5 kB)
Collecting typing-extensions>=3.6.6 (from tensorflow<2.19,>=2.16->-r requirements-training.txt (line 2))
  Using cached typing_extensions-4.16.0-py3-none-any.whl.metadata (3.3 kB)
Collecting wrapt>=1.11.0 (from tensorflow<2.19,>=2.16->-r requirements-training.txt (line 2))
  Using cached wrapt-2.4.0-cp312-cp312-win_amd64.whl.metadata (7.6 kB)
Collecting grpcio<2.0,>=1.24.3 (from tensorflow<2.19,>=2.16->-r requirements-training.txt (line 2))
  Using cached grpcio-1.83.1-cp312-cp312-win_amd64.whl.metadata (3.8 kB)
Collecting tensorboard<2.19,>=2.18 (from tensorflow<2.19,>=2.16->-r requirements-training.txt (line 2))
  Using cached tensorboard-2.18.0-py3-none-any.whl.metadata (1.6 kB)
Collecting keras>=3.5.0 (from tensorflow<2.19,>=2.16->-r requirements-training.txt (line 2))
  Using cached keras-3.15.1-py3-none-any.whl.metadata (6.4 kB)
Collecting numpy>=1.26 (from -r requirements-training.txt (line 5))
  Using cached numpy-2.0.2-cp312-cp312-win_amd64.whl.metadata (59 kB)
Collecting h5py>=3.11.0 (from tensorflow<2.19,>=2.16->-r requirements-training.txt (line 2))
  Using cached h5py-3.16.0-cp312-cp312-win_amd64.whl.metadata (3.1 kB)
Collecting ml-dtypes<1.0.0,>=0.4.0 (from tensorflow<2.19,>=2.16->-r requirements-training.txt (line 2))
  Using cached ml_dtypes-0.6.0-cp312-cp312-win_amd64.whl.metadata (8.8 kB)
Collecting charset_normalizer<4,>=2 (from requests<3,>=2.21.0->tensorflow<2.19,>=2.16->-r requirements-training.txt (line 2))
  Using cached charset_normalizer-3.5.1-cp312-cp312-win_amd64.whl.metadata (46 kB)
Collecting idna<4,>=2.5 (from requests<3,>=2.21.0->tensorflow<2.19,>=2.16->-r requirements-training.txt (line 2))
  Using cached idna-3.19-py3-none-any.whl.metadata (9.2 kB)
Collecting urllib3<3,>=1.26 (from requests<3,>=2.21.0->tensorflow<2.19,>=2.16->-r requirements-training.txt (line 2))
  Using cached urllib3-2.7.0-py3-none-any.whl.metadata (6.9 kB)
Collecting certifi>=2023.5.7 (from requests<3,>=2.21.0->tensorflow<2.19,>=2.16->-r requirements-training.txt (line 2))
  Using cached certifi-2026.7.22-py3-none-any.whl.metadata (2.5 kB)
Collecting markdown>=2.6.8 (from tensorboard<2.19,>=2.18->tensorflow<2.19,>=2.16->-r requirements-training.txt (line 2))
  Using cached markdown-3.10.3-py3-none-any.whl.metadata (5.1 kB)
Collecting tensorboard-data-server<0.8.0,>=0.7.0 (from tensorboard<2.19,>=2.18->tensorflow<2.19,>=2.16->-r requirements-training.txt (line 2))
  Using cached tensorboard_data_server-0.7.2-py3-none-any.whl.metadata (1.1 kB)
Collecting werkzeug>=1.0.1 (from tensorboard<2.19,>=2.18->tensorflow<2.19,>=2.16->-r requirements-training.txt (line 2))
  Using cached werkzeug-3.1.8-py3-none-any.whl.metadata (4.0 kB)
Collecting scipy>=1.10.0 (from scikit-learn>=1.5->-r requirements-training.txt (line 3))
  Using cached scipy-1.18.1-cp312-cp312-win_amd64.whl.metadata (61 kB)
Collecting joblib>=1.4.0 (from scikit-learn>=1.5->-r requirements-training.txt (line 3))
  Using cached joblib-1.6.0-py3-none-any.whl.metadata (6.5 kB)
Collecting narwhals>=2.0.1 (from scikit-learn>=1.5->-r requirements-training.txt (line 3))
  Using cached narwhals-2.26.0-py3-none-any.whl.metadata (15 kB)
Collecting threadpoolctl>=3.5.0 (from scikit-learn>=1.5->-r requirements-training.txt (line 3))
  Using cached threadpoolctl-3.6.0-py3-none-any.whl.metadata (13 kB)
Collecting wheel<1.0,>=0.23.0 (from astunparse>=1.6.0->tensorflow<2.19,>=2.16->-r requirements-training.txt (line 2))
  Using cached wheel-0.48.0-py3-none-any.whl.metadata (2.3 kB)
Collecting cloudpickle>=3.0 (from joblib>=1.4.0->scikit-learn>=1.5->-r requirements-training.txt (line 3))
  Using cached cloudpickle-3.1.2-py3-none-any.whl.metadata (7.1 kB)
Collecting rich (from keras>=3.5.0->tensorflow<2.19,>=2.16->-r requirements-training.txt (line 2))
  Using cached rich-15.0.0-py3-none-any.whl.metadata (18 kB)
Collecting namex (from keras>=3.5.0->tensorflow<2.19,>=2.16->-r requirements-training.txt (line 2))
  Using cached namex-0.1.0-py3-none-any.whl.metadata (322 bytes)
Collecting optree (from keras>=3.5.0->tensorflow<2.19,>=2.16->-r requirements-training.txt (line 2))
  Using cached optree-0.20.0-cp312-cp312-win_amd64.whl.metadata (33 kB)
Collecting markupsafe>=2.1.1 (from werkzeug>=1.0.1->tensorboard<2.19,>=2.18->tensorflow<2.19,>=2.16->-r requirements-training.txt (line 2))
  Using cached markupsafe-3.0.3-cp312-cp312-win_amd64.whl.metadata (2.8 kB)
Collecting markdown-it-py>=2.2.0 (from rich->keras>=3.5.0->tensorflow<2.19,>=2.16->-r requirements-training.txt (line 2))
  Using cached markdown_it_py-4.2.0-py3-none-any.whl.metadata (7.4 kB)
Collecting pygments<3.0.0,>=2.13.0 (from rich->keras>=3.5.0->tensorflow<2.19,>=2.16->-r requirements-training.txt (line 2))
  Using cached pygments-2.21.0-py3-none-any.whl.metadata (2.5 kB)
Collecting mdurl~=0.1 (from markdown-it-py>=2.2.0->rich->keras>=3.5.0->tensorflow<2.19,>=2.16->-r requirements-training.txt (line 2))
  Downloading mdurl-0.1.2-py3-none-any.whl.metadata (1.6 kB)
Downloading tensorflow-2.18.1-cp312-cp312-win_amd64.whl (369.2 MB)
